Starting a Gradle Daemon, 1 busy and 5 stopped Daemons could not be reused, use --status for details
> Task :app:preBuild UP-TO-DATE
> Task :app:preDebugBuild UP-TO-DATE
> Task :app:mergeDebugNativeDebugMetadata NO-SOURCE
> Task :app:checkKotlinGradlePluginConfigurationErrors SKIPPED
> Task :app:checkDebugAarMetadata UP-TO-DATE
> Task :app:generateDebugResValues UP-TO-DATE
> Task :app:processDebugGoogleServices UP-TO-DATE
> Task :app:mapDebugSourceSetPaths UP-TO-DATE
> Task :app:generateDebugResources UP-TO-DATE
> Task :app:mergeDebugResources UP-TO-DATE
> Task :app:packageDebugResources UP-TO-DATE
> Task :app:parseDebugLocalResources UP-TO-DATE
> Task :app:createDebugCompatibleScreenManifests UP-TO-DATE
> Task :app:extractDeepLinksDebug UP-TO-DATE
> Task :app:processDebugMainManifest UP-TO-DATE
> Task :app:processDebugManifest UP-TO-DATE
> Task :app:processDebugManifestForPackage UP-TO-DATE
> Task :app:processDebugResources UP-TO-DATE
> Task :app:kspDebugKotlin UP-TO-DATE
> Task :app:javaPreCompileDebug UP-TO-DATE
> Task :app:mergeDebugShaders UP-TO-DATE
> Task :app:compileDebugShaders NO-SOURCE
> Task :app:generateDebugAssets UP-TO-DATE
> Task :app:mergeDebugAssets UP-TO-DATE
> Task :app:compressDebugAssets UP-TO-DATE
> Task :app:checkDebugDuplicateClasses UP-TO-DATE
> Task :app:desugarDebugFileDependencies UP-TO-DATE
> Task :app:mergeExtDexDebug UP-TO-DATE
> Task :app:mergeLibDexDebug UP-TO-DATE
> Task :app:mergeDebugJniLibFolders UP-TO-DATE
> Task :app:mergeDebugNativeLibs NO-SOURCE
> Task :app:stripDebugDebugSymbols NO-SOURCE
> Task :app:validateSigningDebug UP-TO-DATE
> Task :app:writeDebugAppMetadata UP-TO-DATE
> Task :app:writeDebugSigningConfigVersions UP-TO-DATE
> Task :app:compileDebugKotlin
w: file:///C:/Users/danhi/OneDrive/Desktop/GymLOG/app/src/main/java/com/example/gymlog2/AddFoodScreen.kt:55:44 'val Icons.Filled.ArrowBack: ImageVector' is deprecated. Use the AutoMirrored version at Icons.AutoMirrored.Filled.ArrowBack.
w: file:///C:/Users/danhi/OneDrive/Desktop/GymLOG/app/src/main/java/com/example/gymlog2/AddFoodScreen.kt:109:61 'val Icons.Filled.ArrowBack: ImageVector' is deprecated. Use the AutoMirrored version at Icons.AutoMirrored.Filled.ArrowBack.
w: file:///C:/Users/danhi/OneDrive/Desktop/GymLOG/app/src/main/java/com/example/gymlog2/AiTrainerScreen.kt:230:35 'val Icons.Filled.Send: ImageVector' is deprecated. Use the AutoMirrored version at Icons.AutoMirrored.Filled.Send.
w: file:///C:/Users/danhi/OneDrive/Desktop/GymLOG/app/src/main/java/com/example/gymlog2/BiometricChartScreen.kt:70:44 'val Icons.Filled.ArrowBack: ImageVector' is deprecated. Use the AutoMirrored version at Icons.AutoMirrored.Filled.ArrowBack.
w: file:///C:/Users/danhi/OneDrive/Desktop/GymLOG/app/src/main/java/com/example/gymlog2/BiometricInputScreen.kt:53:44 'val Icons.Filled.ArrowBack: ImageVector' is deprecated. Use the AutoMirrored version at Icons.AutoMirrored.Filled.ArrowBack.
w: file:///C:/Users/danhi/OneDrive/Desktop/GymLOG/app/src/main/java/com/example/gymlog2/CalendarWorkoutScreen.kt:393:91 'fun String.toLowerCase(locale: Locale): String' is deprecated. Use lowercase() instead.
w: file:///C:/Users/danhi/OneDrive/Desktop/GymLOG/app/src/main/java/com/example/gymlog2/DrawerMenu.kt:263:38 'val Icons.Filled.Logout: ImageVector' is deprecated. Use the AutoMirrored version at Icons.AutoMirrored.Filled.Logout.
w: file:///C:/Users/danhi/OneDrive/Desktop/GymLOG/app/src/main/java/com/example/gymlog2/FoodJournalScreen.kt:86:44 'val Icons.Filled.ArrowBack: ImageVector' is deprecated. Use the AutoMirrored version at Icons.AutoMirrored.Filled.ArrowBack.
w: file:///C:/Users/danhi/OneDrive/Desktop/GymLOG/app/src/main/java/com/example/gymlog2/GpsCardioScreen.kt:528:72 'val Icons.Filled.DirectionsRun: ImageVector' is deprecated. Use the AutoMirrored version at Icons.AutoMirrored.Filled.DirectionsRun.
w: file:///C:/Users/danhi/OneDrive/Desktop/GymLOG/app/src/main/java/com/example/gymlog2/GpsCardioScreen.kt:528:114 'val Icons.Filled.DirectionsBike: ImageVector' is deprecated. Use the AutoMirrored version at Icons.AutoMirrored.Filled.DirectionsBike.
w: file:///C:/Users/danhi/OneDrive/Desktop/GymLOG/app/src/main/java/com/example/gymlog2/GpsCardioScreen.kt:528:157 'val Icons.Filled.DirectionsWalk: ImageVector' is deprecated. Use the AutoMirrored version at Icons.AutoMirrored.Filled.DirectionsWalk.
w: file:///C:/Users/danhi/OneDrive/Desktop/GymLOG/app/src/main/java/com/example/gymlog2/GpsCardioScreen.kt:827:17 'fun setBuiltInZoomControls(p0: Boolean): Unit' is deprecated. Deprecated in Java.
w: file:///C:/Users/danhi/OneDrive/Desktop/GymLOG/app/src/main/java/com/example/gymlog2/GpsCardioScreen.kt:884:39 'val center: GeoPoint!' is deprecated. Deprecated in Java.
w: file:///C:/Users/danhi/OneDrive/Desktop/GymLOG/app/src/main/java/com/example/gymlog2/GpsCardioScreen.kt:1139:38 'val Icons.Filled.DirectionsRun: ImageVector' is deprecated. Use the AutoMirrored version at Icons.AutoMirrored.Filled.DirectionsRun.
w: file:///C:/Users/danhi/OneDrive/Desktop/GymLOG/app/src/main/java/com/example/gymlog2/GpsCardioScreen.kt:1257:64 'val Icons.Filled.DirectionsBike: ImageVector' is deprecated. Use the AutoMirrored version at Icons.AutoMirrored.Filled.DirectionsBike.
w: file:///C:/Users/danhi/OneDrive/Desktop/GymLOG/app/src/main/java/com/example/gymlog2/GpsCardioScreen.kt:1258:64 'val Icons.Filled.DirectionsWalk: ImageVector' is deprecated. Use the AutoMirrored version at Icons.AutoMirrored.Filled.DirectionsWalk.
w: file:///C:/Users/danhi/OneDrive/Desktop/GymLOG/app/src/main/java/com/example/gymlog2/GpsCardioScreen.kt:1259:59 'val Icons.Filled.DirectionsRun: ImageVector' is deprecated. Use the AutoMirrored version at Icons.AutoMirrored.Filled.DirectionsRun.
w: file:///C:/Users/danhi/OneDrive/Desktop/GymLOG/app/src/main/java/com/example/gymlog2/MainActivity.kt:832:58 'class GoogleSignInOptions : AbstractSafeParcelable, Api.ApiOptions.Optional, ReflectedParcelable' is deprecated. Deprecated in Java.
w: file:///C:/Users/danhi/OneDrive/Desktop/GymLOG/app/src/main/java/com/example/gymlog2/MainActivity.kt:832:125 'class GoogleSignInOptions : AbstractSafeParcelable, Api.ApiOptions.Optional, ReflectedParcelable' is deprecated. Deprecated in Java.
w: file:///C:/Users/danhi/OneDrive/Desktop/GymLOG/app/src/main/java/com/example/gymlog2/MainActivity.kt:836:48 'class GoogleSignIn : Any' is deprecated. Deprecated in Java.
w: file:///C:/Users/danhi/OneDrive/Desktop/GymLOG/app/src/main/java/com/example/gymlog2/MainActivity.kt:842:59 'class GoogleSignIn : Any' is deprecated. Deprecated in Java.
w: file:///C:/Users/danhi/OneDrive/Desktop/GymLOG/app/src/main/java/com/example/gymlog2/MainActivity.kt:1285:29 Expression under 'when' is never equal to null.
w: file:///C:/Users/danhi/OneDrive/Desktop/GymLOG/app/src/main/java/com/example/gymlog2/MainActivity.kt:2261:75 'val Icons.Filled.TrendingUp: ImageVector' is deprecated. Use the AutoMirrored version at Icons.AutoMirrored.Filled.TrendingUp.
w: file:///C:/Users/danhi/OneDrive/Desktop/GymLOG/app/src/main/java/com/example/gymlog2/MainActivity.kt:3050:47 'val Icons.Filled.ArrowBack: ImageVector' is deprecated. Use the AutoMirrored version at Icons.AutoMirrored.Filled.ArrowBack.
w: file:///C:/Users/danhi/OneDrive/Desktop/GymLOG/app/src/main/java/com/example/gymlog2/MainActivity.kt:3409:44 'val Icons.Filled.ArrowBack: ImageVector' is deprecated. Use the AutoMirrored version at Icons.AutoMirrored.Filled.ArrowBack.
w: file:///C:/Users/danhi/OneDrive/Desktop/GymLOG/app/src/main/java/com/example/gymlog2/MainActivity.kt:3415:43 'val Icons.Filled.TrendingUp: ImageVector' is deprecated. Use the AutoMirrored version at Icons.AutoMirrored.Filled.TrendingUp.
w: file:///C:/Users/danhi/OneDrive/Desktop/GymLOG/app/src/main/java/com/example/gymlog2/MainActivity.kt:3956:21 'fun Divider(modifier: Modifier = ..., thickness: Dp = ..., color: Color = ...): Unit' is deprecated. Renamed to HorizontalDivider.
w: file:///C:/Users/danhi/OneDrive/Desktop/GymLOG/app/src/main/java/com/example/gymlog2/MainActivity.kt:4237:48 'val Icons.Filled.ArrowBack: ImageVector' is deprecated. Use the AutoMirrored version at Icons.AutoMirrored.Filled.ArrowBack.
w: file:///C:/Users/danhi/OneDrive/Desktop/GymLOG/app/src/main/java/com/example/gymlog2/MainActivity.kt:4397:44 'val Icons.Filled.ArrowBack: ImageVector' is deprecated. Use the AutoMirrored version at Icons.AutoMirrored.Filled.ArrowBack.
w: file:///C:/Users/danhi/OneDrive/Desktop/GymLOG/app/src/main/java/com/example/gymlog2/MainActivity.kt:4688:48 'val Icons.Filled.ArrowBack: ImageVector' is deprecated. Use the AutoMirrored version at Icons.AutoMirrored.Filled.ArrowBack.
w: file:///C:/Users/danhi/OneDrive/Desktop/GymLOG/app/src/main/java/com/example/gymlog2/MainActivity.kt:5053:43 'val Icons.Filled.ArrowBack: ImageVector' is deprecated. Use the AutoMirrored version at Icons.AutoMirrored.Filled.ArrowBack.
w: file:///C:/Users/danhi/OneDrive/Desktop/GymLOG/app/src/main/java/com/example/gymlog2/MainActivity.kt:5361:44 'val Icons.Filled.ArrowBack: ImageVector' is deprecated. Use the AutoMirrored version at Icons.AutoMirrored.Filled.ArrowBack.
w: file:///C:/Users/danhi/OneDrive/Desktop/GymLOG/app/src/main/java/com/example/gymlog2/MainActivity.kt:5448:44 'val Icons.Filled.ArrowBack: ImageVector' is deprecated. Use the AutoMirrored version at Icons.AutoMirrored.Filled.ArrowBack.
w: file:///C:/Users/danhi/OneDrive/Desktop/GymLOG/app/src/main/java/com/example/gymlog2/MainActivity.kt:5514:55 'val Icons.Filled.TrendingUp: ImageVector' is deprecated. Use the AutoMirrored version at Icons.AutoMirrored.Filled.TrendingUp.
w: file:///C:/Users/danhi/OneDrive/Desktop/GymLOG/app/src/main/java/com/example/gymlog2/MainActivity.kt:5529:40 'val Icons.Filled.ArrowBack: ImageVector' is deprecated. Use the AutoMirrored version at Icons.AutoMirrored.Filled.ArrowBack.
w: file:///C:/Users/danhi/OneDrive/Desktop/GymLOG/app/src/main/java/com/example/gymlog2/MainActivity.kt:6163:47 'val Icons.Filled.Logout: ImageVector' is deprecated. Use the AutoMirrored version at Icons.AutoMirrored.Filled.Logout.
w: file:///C:/Users/danhi/OneDrive/Desktop/GymLOG/app/src/main/java/com/example/gymlog2/OnboardingScreen.kt:506:51 'val Icons.Filled.DirectionsRun: ImageVector' is deprecated. Use the AutoMirrored version at Icons.AutoMirrored.Filled.DirectionsRun.
w: file:///C:/Users/danhi/OneDrive/Desktop/GymLOG/app/src/main/java/com/example/gymlog2/RestDayScreen.kt:74:55 'val Icons.Filled.DirectionsWalk: ImageVector' is deprecated. Use the AutoMirrored version at Icons.AutoMirrored.Filled.DirectionsWalk.
w: file:///C:/Users/danhi/OneDrive/Desktop/GymLOG/app/src/main/java/com/example/gymlog2/RestDayScreen.kt:220:60 'val Icons.Filled.ArrowForward: ImageVector' is deprecated. Use the AutoMirrored version at Icons.AutoMirrored.Filled.ArrowForward.
w: file:///C:/Users/danhi/OneDrive/Desktop/GymLOG/app/src/main/java/com/example/gymlog2/RestDayScreen.kt:343:44 'val Icons.Filled.ArrowBack: ImageVector' is deprecated. Use the AutoMirrored version at Icons.AutoMirrored.Filled.ArrowBack.

> Task :app:compileDebugJavaWithJavac
> Task :app:processDebugJavaRes
> Task :app:mergeDebugJavaResource
> Task :app:dexBuilderDebug
> Task :app:mergeProjectDexDebug
> Task :app:packageDebug
> Task :app:createDebugApkListingFileRedirect
> Task :app:assembleDebug
w: Detected multiple Kotlin daemon sessions at 

[Incubating] Problems report is available at: file:///C:/Users/danhi/OneDrive/Desktop/GymLOG/build/reports/problems/problems-report.html

Deprecated Gradle features were used in this build, making it incompatible with Gradle 10.

You can use '--warning-mode all' to show the individual deprecation warnings and determine if they come from your own scripts or plugins.

For more on this, please refer to https://docs.gradle.org/9.4.1/userguide/command_line_interface.html#sec:command_line_warnings in the Gradle documentation.

BUILD SUCCESSFUL in 6m 6s
35 actionable tasks: 8 executed, 27 up-to-date
Consider enabling configuration cache to speed up this build: https://docs.gradle.org/9.4.1/userguide/configuration_cache_enabling.html
